egtn_embd_fs.c:37:5:egtn_embd_fs_externalflash_sync	0	static
egtn_embd_fs.c:19:5:egtn_embd_fs_externalflash_read	8	static
egtn_embd_fs.c:25:5:egtn_embd_fs_externalflash_prog	8	static
egtn_embd_fs.c:31:5:egtn_embd_fs_externalflash_erase	8	static
egtn_embd_fs.c:42:6:EGTN_EMBD_FS_defaults	0	static
egtn_embd_fs.c:63:5:EGTN_EMBD_FS_info	48	static
egtn_embd_fs.c:108:5:EGTN_EMBD_FS_format	8	static
egtn_embd_fs.c:119:5:EGTN_EMBD_FS_mount	8	static
egtn_embd_fs.c:124:5:EGTN_EMBD_FS_unmount	8	static
egtn_embd_fs.c:129:5:EGTN_EMBD_FS_freeblockcount	40	static
egtn_embd_fs.c:155:13:EGTN_EMBD_FS_getattr	16	static
egtn_embd_fs.c:162:5:EGTN_EMBD_FS_access	272	static
egtn_embd_fs.c:168:5:EGTN_EMBD_FS_mkdir	8	static
egtn_embd_fs.c:173:5:EGTN_EMBD_FS_opendir	8	static
egtn_embd_fs.c:179:5:EGTN_EMBD_FS_releasedir	8	static
egtn_embd_fs.c:185:5:EGTN_EMBD_FS_readdir	288	static
egtn_embd_fs.c:203:5:EGTN_EMBD_FS_rename	8	static
egtn_embd_fs.c:208:5:EGTN_EMBD_FS_remove	8	static
egtn_embd_fs.c:213:5:EGTN_EMBD_FS_openfile	8	static
egtn_embd_fs.c:224:5:EGTN_EMBD_FS_closefile	8	static
egtn_embd_fs.c:245:5:EGTN_EMBD_FS_readfile	8	static
egtn_embd_fs.c:260:5:EGTN_EMBD_FS_rewindfile	8	static
egtn_embd_fs.c:267:5:EGTN_EMBD_FS_writefile	8	static
egtn_embd_fs.c:328:6:EGTN_BOOTLOADER_fs_startup	0	static
egtn_embd_fs.c:333:6:EGTN_BOOTLOADER_fs_init	16	static
egtn_embd_fs.c:347:6:EGTN_BOOTLOADER_fs_test	376	static
