egtn_mw_serialflash.c:26:9:W25qxx_Spi	32	static
egtn_mw_serialflash.c:33:10:W25qxx_ReadID	56	static
egtn_mw_serialflash.c:46:6:W25qxx_ReadUniqID	48	static
egtn_mw_serialflash.c:57:6:W25qxx_WriteEnable	32	static
egtn_mw_serialflash.c:65:6:W25qxx_WriteDisable	32	static
egtn_mw_serialflash.c:73:9:W25qxx_ReadStatusRegister	32	static
egtn_mw_serialflash.c:99:6:W25qxx_WriteStatusRegister	40	static
egtn_mw_serialflash.c:121:6:W25qxx_WaitForWriteEnd	48	static
egtn_mw_serialflash.c:134:6:EGTN_MW_SFLASH_W25qxx_Init	8	static
egtn_mw_serialflash.c:253:6:EGTN_MW_SFLASH_W25qxx_EraseChip	32	static
egtn_mw_serialflash.c:274:6:EGTN_MW_SFLASH_W25qxx_EraseSector	48	static
egtn_mw_serialflash.c:308:6:EGTN_MW_SFLASH_W25qxx_EraseBlock	48	static
egtn_mw_serialflash.c:344:10:W25qxx_PageToSector	8	static
egtn_mw_serialflash.c:349:10:W25qxx_PageToBlock	8	static
egtn_mw_serialflash.c:354:10:W25qxx_SectorToBlock	8	static
egtn_mw_serialflash.c:359:10:W25qxx_SectorToPage	8	static
egtn_mw_serialflash.c:364:10:W25qxx_BlockToPage	8	static
egtn_mw_serialflash.c:369:6:EGTN_MW_SFLASH_W25qxx_IsEmptyPage	96	static
egtn_mw_serialflash.c:451:6:EGTN_MW_SFLASH_W25qxx_IsEmptySector	96	static
egtn_mw_serialflash.c:532:6:EGTN_MW_SFLASH_W25qxx_IsEmptyBlock	96	static
egtn_mw_serialflash.c:615:6:EGTN_MW_SFLASH_W25qxx_WriteByte	48	static
egtn_mw_serialflash.c:649:6:EGTN_MW_SFLASH_W25qxx_WritePage	56	static
egtn_mw_serialflash.c:701:6:EGTN_MW_SFLASH_W25qxx_WriteSector	32	static
egtn_mw_serialflash.c:740:6:EGTN_MW_SFLASH_W25qxx_WriteBlock	32	static
egtn_mw_serialflash.c:779:6:EGTN_MW_SFLASH_W25qxx_ReadByte	48	static
egtn_mw_serialflash.c:811:6:EGTN_MW_SFLASH_W25qxx_ReadBytes	56	static
egtn_mw_serialflash.c:856:6:EGTN_MW_SFLASH_W25qxx_ReadPage	56	static
egtn_mw_serialflash.c:906:6:EGTN_MW_SFLASH_W25qxx_ReadSector	32	static
egtn_mw_serialflash.c:945:6:EGTN_MW_SFLASH_W25qxx_ReadBlock	32	static
