egtn_mw_FC41D.c:159:9:fc41d_resp_reset	0	static
egtn_mw_FC41D.c:214:9:fc41d_cmd_able_echo	0	static
egtn_mw_FC41D.c:220:9:fc41d_resp_able_echo	0	static
egtn_mw_FC41D.c:247:9:fc41d_resp_able_urc	8	static
egtn_mw_FC41D.c:334:9:fc41d_resp_init_ble	8	static
egtn_mw_FC41D.c:401:9:fc41d_resp_set_ble_name	8	static
egtn_mw_FC41D.c:431:9:fc41d_resp_config_ble_advertising_parameter	8	static
egtn_mw_FC41D.c:480:9:fc41d_resp_establish_ble_service	8	static
egtn_mw_FC41D.c:510:9:fc41d_resp_set_ble_characteristic_uuid	8	static
egtn_mw_FC41D.c:540:9:fc41d_resp_start_ble_advertising	8	static
egtn_mw_FC41D.c:122:9:fc41d_cmd_delay	8	static
egtn_mw_FC41D.c:130:9:fc41d_resp_delay	8	static
egtn_mw_FC41D.c:601:9:fc41d_resp_send_gatt_data	8	static
egtn_mw_FC41D.c:145:9:fc41d_cmd_reset	40	static
egtn_mw_FC41D.c:176:9:fc41d_cmd_get_firmware_version	48	static
egtn_mw_FC41D.c:233:9:fc41d_cmd_able_urc	48	static
egtn_mw_FC41D.c:320:9:fc41d_cmd_init_ble	48	static
egtn_mw_FC41D.c:349:9:fc41d_cmd_query_ble_device_addr	48	static
egtn_mw_FC41D.c:387:9:fc41d_cmd_set_ble_name	48	static
egtn_mw_FC41D.c:417:9:fc41d_cmd_config_ble_advertising_parameter	48	static
egtn_mw_FC41D.c:466:9:fc41d_cmd_establish_ble_service	48	static
egtn_mw_FC41D.c:496:9:fc41d_cmd_set_ble_characteristic_uuid	112	static
egtn_mw_FC41D.c:526:9:fc41d_cmd_start_ble_advertising	48	static
egtn_mw_FC41D.c:575:9:fc41d_cmd_send_gatt_data	712	static
egtn_mw_FC41D.c:621:9:fc41d_resp_urc_ble_state_change	8	static
egtn_mw_FC41D.c:638:9:fc41d_resp_urc_ble_mtu_change	8	static
egtn_mw_FC41D.c:655:9:fc41d_resp_urc_ble_info	8	static
egtn_mw_FC41D.c:190:9:fc41d_resp_get_firmware_version	8	static
egtn_mw_FC41D.c:363:9:fc41d_resp_query_ble_device_addr	8	static
egtn_mw_FC41D.c:740:6:EGTN_MW_FC41D_push_cmd_task_queue.part.0	0	static
egtn_mw_FC41D.c:453:9:fc41d_resp_set_ble_advertising_data	0	static
egtn_mw_FC41D.c:556:9:fc41d_cmd_stop_ble_advertising	0	static
egtn_mw_FC41D.c:562:9:fc41d_resp_stop_ble_advertising	0	static
egtn_mw_FC41D.c:263:9:fc41d_cmd_enter_low_power_mode	0	static
egtn_mw_FC41D.c:269:9:fc41d_resp_enter_low_power_mode	0	static
egtn_mw_FC41D.c:282:9:fc41d_cmd_enter_deep_sleep_mode	0	static
egtn_mw_FC41D.c:288:9:fc41d_resp_enter_deep_sleep_mode	0	static
egtn_mw_FC41D.c:301:9:fc41d_cmd_get_mac_addr	0	static
egtn_mw_FC41D.c:307:9:fc41d_resp_get_mac_addr	0	static
egtn_mw_FC41D.c:447:9:fc41d_cmd_set_ble_advertising_data	0	static
egtn_mw_FC41D.c:117:6:fc41d_send_data	8	static
egtn_mw_FC41D.c:673:6:EGTN_MW_FC41D_push_ringbuffer	8	static
egtn_mw_FC41D.c:678:6:EGTN_MW_FC41D_set_cen_high	8	static
egtn_mw_FC41D.c:682:6:EGTN_MW_FC41D_set_cen_low	8	static
egtn_mw_FC41D.c:686:6:EGTN_MW_FC41D_set_wakeup_in_high	8	static
egtn_mw_FC41D.c:690:6:EGTN_MW_FC41D_set_wakeup_in_low	8	static
egtn_mw_FC41D.c:694:9:EGTN_MW_FC41D_get_wakeup_out	8	static
egtn_mw_FC41D.c:702:9:EGTN_MW_FC41D_get_net_status	8	static
egtn_mw_FC41D.c:711:9:EGTN_MW_FC41D_ble_peripheral_send_data	0	static
egtn_mw_FC41D.c:717:9:EGTN_MW_FC41D_ble_peripheral_recive_data	0	static
egtn_mw_FC41D.c:724:9:EGTN_MW_FC41D_cmd_task_queue_is_contain	0	static
egtn_mw_FC41D.c:740:6:EGTN_MW_FC41D_push_cmd_task_queue	8	static
egtn_mw_FC41D.c:752:6:fc41d_rx_framesearch	352	static
egtn_mw_FC41D.c:912:9:EGTN_MW_FC41D_startup	8	static
egtn_mw_FC41D.c:942:9:EGTN_MW_FC41D_ble_peripheral_init	16	static
egtn_mw_FC41D.c:1005:6:EGTN_MW_FC41D_ble_peripheral_loop	24	static
