egtn_lib_littlefs.c:613:12:lfs_alloc_lookahead	8	static
egtn_lib_littlefs.c:839:12:lfs_dir_traverse_filter	16	static
egtn_lib_littlefs.c:1886:12:lfs_dir_commit_size	0	static
egtn_lib_littlefs.c:5110:12:lfs_fs_size_count	0	static
egtn_lib_littlefs.c:4311:12:lfs_deinit	8	static
egtn_lib_littlefs.c:4155:12:lfs_init	24	static
egtn_lib_littlefs.c:274:12:lfs_bd_erase.isra.0	8	static
egtn_lib_littlefs.c:4832:12:lfs_fs_preporphans.isra.0	8	static
egtn_lib_littlefs.c:43:12:lfs_bd_read.isra.0	56	static
egtn_lib_littlefs.c:705:19:lfs_dir_getslice	88	static
egtn_lib_littlefs.c:1381:12:lfs_dir_getgstate	40	static
egtn_lib_littlefs.c:1399:12:lfs_dir_getinfo	48	static
egtn_lib_littlefs.c:4768:12:lfs_fs_parent_match	48	static
egtn_lib_littlefs.c:2989:12:lfs_ctz_traverse.part.0	80	static
egtn_lib_littlefs.c:2855:12:lfs_ctz_find.constprop	72	static
egtn_lib_littlefs.c:777:12:lfs_dir_getread.part.0.constprop	64	static
egtn_lib_littlefs.c:3455:20:lfs_file_flushedread	72	static
egtn_lib_littlefs.c:899:12:lfs_dir_traverse.constprop	232	static
egtn_lib_littlefs.c:153:12:lfs_bd_crc.constprop	80	static
egtn_lib_littlefs.c:1094:19:lfs_dir_fetchmatch	144	static
egtn_lib_littlefs.c:4789:19:lfs_fs_parent	80	static
egtn_lib_littlefs.c:4616:5:lfs_fs_traverse_	120	static
egtn_lib_littlefs.c:627:12:lfs_alloc_scan	8	static
egtn_lib_littlefs.c:652:12:lfs_alloc	32	static
egtn_lib_littlefs.c:1786:12:lfs_dir_alloc	40	static
egtn_lib_littlefs.c:4724:12:lfs_fs_pred	64	static
egtn_lib_littlefs.c:2828:12:lfs_dir_rewind_	32	static
egtn_lib_littlefs.c:1463:19:lfs_dir_find	88	static
egtn_lib_littlefs.c:126:12:lfs_bd_cmp.constprop	80	static
egtn_lib_littlefs.c:1439:12:lfs_dir_find_match	32	static
egtn_lib_littlefs.c:175:12:lfs_bd_flush	56	static
egtn_lib_littlefs.c:226:12:lfs_bd_prog	40	static
egtn_lib_littlefs.c:3229:12:lfs_file_relocate	80	static
egtn_lib_littlefs.c:3535:20:lfs_file_flushedwrite	104	static
egtn_lib_littlefs.c:1575:12:lfs_dir_commitprog	40	static
egtn_lib_littlefs.c:1592:12:lfs_dir_commitattr	80	static
egtn_lib_littlefs.c:1903:12:lfs_dir_commit_commit	8	static
egtn_lib_littlefs.c:3313:12:lfs_file_flush	128	static
egtn_lib_littlefs.c:3663:19:lfs_file_seek_	32	static
egtn_lib_littlefs.c:3619:20:lfs_file_write_	40	static
egtn_lib_littlefs.c:210:12:lfs_bd_sync.constprop	8	static
egtn_lib_littlefs.c:1640:12:lfs_dir_commitcrc	96	static
egtn_lib_littlefs.c:1923:12:lfs_dir_compact	128	static
egtn_lib_littlefs.c:1851:12:lfs_dir_split	88	static
egtn_lib_littlefs.c:2204:12:lfs_dir_relocatingcommit	144	static
egtn_lib_littlefs.c:2377:12:lfs_dir_orphaningcommit	160	static
egtn_lib_littlefs.c:4929:12:lfs_fs_deorphan.part.0	184	static
egtn_lib_littlefs.c:2570:12:lfs_dir_commit	8	static
egtn_lib_littlefs.c:5060:12:lfs_fs_forceconsistency	96	static
egtn_lib_littlefs.c:1830:12:lfs_dir_drop	24	static
egtn_lib_littlefs.c:3394:12:lfs_file_sync_	48	static
egtn_lib_littlefs.c:3209:12:lfs_file_close_	16	static
egtn_lib_littlefs.c:4098:12:lfs_commitattr	80	static
egtn_lib_littlefs.c:3034:12:lfs_file_opencfg_	88	static
egtn_lib_littlefs.c:5883:5:lfs_format	192	static
egtn_lib_littlefs.c:5913:5:lfs_mount	200	static
egtn_lib_littlefs.c:5942:5:lfs_unmount	24	static
egtn_lib_littlefs.c:5957:5:lfs_remove	152	static
egtn_lib_littlefs.c:5973:5:lfs_rename	248	static
egtn_lib_littlefs.c:5988:5:lfs_stat	80	static
egtn_lib_littlefs.c:6002:13:lfs_getattr	96	static
egtn_lib_littlefs.c:6019:5:lfs_setattr	56	static
egtn_lib_littlefs.c:6037:5:lfs_removeattr	40	static
egtn_lib_littlefs.c:6053:5:lfs_file_open	48	static
egtn_lib_littlefs.c:6070:5:lfs_file_opencfg	72	static
egtn_lib_littlefs.c:6090:5:lfs_file_close	32	static
egtn_lib_littlefs.c:6106:5:lfs_file_sync	32	static
egtn_lib_littlefs.c:6122:13:lfs_file_read	48	static
egtn_lib_littlefs.c:6140:13:lfs_file_write	48	static
egtn_lib_littlefs.c:6158:12:lfs_file_seek	48	static
egtn_lib_littlefs.c:6176:5:lfs_file_truncate	64	static
egtn_lib_littlefs.c:6193:12:lfs_file_tell	32	static
egtn_lib_littlefs.c:6208:5:lfs_file_rewind	32	static
egtn_lib_littlefs.c:6222:12:lfs_file_size	32	static
egtn_lib_littlefs.c:6238:5:lfs_mkdir	216	static
egtn_lib_littlefs.c:6253:5:lfs_dir_open	64	static
egtn_lib_littlefs.c:6268:5:lfs_dir_close	32	static
egtn_lib_littlefs.c:6282:5:lfs_dir_read	56	static
egtn_lib_littlefs.c:6297:5:lfs_dir_seek	56	static
egtn_lib_littlefs.c:6312:12:lfs_dir_tell	24	static
egtn_lib_littlefs.c:6326:5:lfs_dir_rewind	32	static
egtn_lib_littlefs.c:6340:5:lfs_fs_stat	96	static
egtn_lib_littlefs.c:6354:13:lfs_fs_size	32	static
egtn_lib_littlefs.c:6368:5:lfs_fs_traverse	40	static
egtn_lib_littlefs.c:6384:5:lfs_fs_mkconsistent	72	static
egtn_lib_littlefs.c:6400:5:lfs_fs_gc	80	static
egtn_lib_littlefs.c:6416:5:lfs_fs_grow	104	static
