egtn_app_sys.c:14:10:calc_delta_t_100us	0	static
egtn_app_sys.c:418:9:app_sys_cal_rms_loop	88	static
egtn_app_sys.c:576:6:EGTN_APP_SYS_metering_loop	8	static
egtn_app_sys.c:587:10:EGTN_APP_SYS_get_ac_vrms	0	static
egtn_app_sys.c:595:10:EGTN_APP_SYS_get_ac_irms	0	static
egtn_app_sys.c:603:10:EGTN_APP_SYS_get_ac_zctrms	0	static
egtn_app_sys.c:612:9:EGTN_APP_SYS_startup	8	static
egtn_app_sys.c:630:9:EGTN_APP_SYS_init	0	static
egtn_app_sys.c:641:6:EGTN_APP_SYS_main	8	static
egtn_app_sys.c:817:6:EGTN_APP_SYS_process	8	static
