egtn_app_charging.c:167:1:ST_chrg_idle	0	static
egtn_app_charging.c:370:1:EN_chrg_E_F	8	static
egtn_app_charging.c:322:1:EN_chrg_C2	8	static
egtn_app_charging.c:290:1:EN_chrg_C1	8	static
egtn_app_charging.c:259:1:EN_chrg_B2	8	static
egtn_app_charging.c:234:1:EN_chrg_B1	8	static
egtn_app_charging.c:201:1:EN_chrg_A2	8	static
egtn_app_charging.c:174:1:EN_chrg_A1	8	static
egtn_app_charging.c:160:1:EN_chrg_idle	8	static
egtn_app_charging.c:329:1:ST_chrg_C2	16	static
egtn_app_charging.c:297:1:ST_chrg_C1	16	static
egtn_app_charging.c:266:1:ST_chrg_B2	16	static
egtn_app_charging.c:241:1:ST_chrg_B1	16	static
egtn_app_charging.c:210:1:ST_chrg_A2	16	static
egtn_app_charging.c:183:1:ST_chrg_A1	16	static
egtn_app_charging.c:377:1:ST_chrg_E_F	0	static
egtn_app_charging.c:51:6:chrg_indiled_display	8	static
egtn_app_charging.c:95:6:chrg_set_relay_cp	8	static
egtn_app_charging.c:99:9:chrg_get_relay_cp	8	static
egtn_app_charging.c:108:6:chrg_set_relay_mc	8	static
egtn_app_charging.c:112:9:chrg_get_relay_mc	8	static
egtn_app_charging.c:121:6:chrg_set_wake_up_seq	0	static
egtn_app_charging.c:125:6:chrg_wake_up_seq_loop	0	static
egtn_app_charging.c:130:9:chrg_get_user_button	8	static
egtn_app_charging.c:146:6:chrg_set_active_ampe_to_pwm_duty	8	static
egtn_app_charging.c:150:6:chrg_off_cp_pwm_duty	0	static
egtn_app_charging.c:155:6:chrg_set_cp_pwm_duty	8	static
egtn_app_charging.c:442:6:EGTN_APP_CHRG_update_parameter_loop	24	static
egtn_app_charging.c:473:6:EGTN_APP_CHRG_display_loop	8	static
egtn_app_charging.c:478:6:EGTN_APP_CHRG_set_active_irms	0	static
egtn_app_charging.c:482:10:EGTN_APP_CHRG_get_active_irms	0	static
egtn_app_charging.c:486:9:EGTN_APP_CHRG_startup	8	static
egtn_app_charging.c:495:9:EGTN_APP_CHRG_init	8	static
egtn_app_charging.c:530:6:EGTN_APP_CHRG_main	8	static
egtn_app_charging.c:552:6:EGTN_APP_CHRG_process	8	static
