egtn_app_charging.c:245:1:ST_chrg_idle	0	static
egtn_app_charging.c:404:1:EN_chrg_C2	8	static
egtn_app_charging.c:371:1:EN_chrg_C1	8	static
egtn_app_charging.c:338:1:EN_chrg_B2	8	static
egtn_app_charging.c:312:1:EN_chrg_B1	8	static
egtn_app_charging.c:238:1:EN_chrg_idle	8	static
egtn_app_charging.c:504:1:EN_chrg_E_F	8	static
egtn_app_charging.c:279:1:EN_chrg_A2	8	static
egtn_app_charging.c:252:1:EN_chrg_A1	8	static
egtn_app_charging.c:411:1:ST_chrg_C2	16	static
egtn_app_charging.c:513:1:ST_chrg_E_F	8	static
egtn_app_charging.c:378:1:ST_chrg_C1	16	static
egtn_app_charging.c:345:1:ST_chrg_B2	16	static
egtn_app_charging.c:319:1:ST_chrg_B1	16	static
egtn_app_charging.c:288:1:ST_chrg_A2	16	static
egtn_app_charging.c:261:1:ST_chrg_A1	16	static
egtn_app_charging.c:51:6:chrg_indiled_display	8	static
egtn_app_charging.c:104:6:chrg_set_relay_cp	8	static
egtn_app_charging.c:108:9:chrg_get_relay_cp	8	static
egtn_app_charging.c:117:6:chrg_set_relay_mc	8	static
egtn_app_charging.c:121:9:chrg_get_relay_mc	8	static
egtn_app_charging.c:130:6:chrg_set_wake_up_seq	0	static
egtn_app_charging.c:134:6:chrg_wake_up_seq_loop	0	static
egtn_app_charging.c:138:9:chrg_get_user_button	8	static
egtn_app_charging.c:155:6:chrg_usercheck_mobile_loop	0	static
egtn_app_charging.c:198:6:chrg_usercheck_rfid_loop	0	static
egtn_app_charging.c:203:6:chrg_usercheck_loop	0	static
egtn_app_charging.c:224:6:chrg_set_active_ampe_to_pwm_duty	8	static
egtn_app_charging.c:228:6:chrg_off_cp_pwm_duty	0	static
egtn_app_charging.c:233:6:chrg_set_cp_pwm_duty	8	static
egtn_app_charging.c:583:6:chrg_update_pwm_loop	8	static
egtn_app_charging.c:602:6:EGTN_APP_CHRG_update_parameter_loop	24	static
egtn_app_charging.c:625:6:EGTN_APP_CHRG_display_loop	8	static
egtn_app_charging.c:630:6:EGTN_APP_CHRG_set_active_irms	0	static
egtn_app_charging.c:634:10:EGTN_APP_CHRG_get_active_irms	0	static
egtn_app_charging.c:638:6:EGTN_APP_CHRG_set_start_charging	8	static
egtn_app_charging.c:644:6:EGTN_APP_CHRG_set_pause_charging	8	static
egtn_app_charging.c:650:6:EGTN_APP_CHRG_set_finish_charging	8	static
egtn_app_charging.c:656:6:EGTN_APP_CHRG_set_standby_charging	8	static
egtn_app_charging.c:662:9:EGTN_APP_CHRG_startup	8	static
egtn_app_charging.c:672:9:EGTN_APP_CHRG_init	16	static
egtn_app_charging.c:719:6:EGTN_APP_CHRG_main	8	static
egtn_app_charging.c:746:6:EGTN_APP_CHRG_process	8	static
