egtn_app_sys.c:14:10:calc_delta_t_100us	0	static
egtn_app_sys.c:414:9:app_sys_cal_rms_loop	88	static
egtn_app_sys.c:563:6:EGTN_APP_SYS_metering_loop	8	static
egtn_app_sys.c:574:10:EGTN_APP_SYS_get_ac_vrms	0	static
egtn_app_sys.c:582:10:EGTN_APP_SYS_get_ac_irms	0	static
egtn_app_sys.c:590:10:EGTN_APP_SYS_get_ac_zctrms	0	static
egtn_app_sys.c:599:9:EGTN_APP_SYS_startup	8	static
egtn_app_sys.c:617:9:EGTN_APP_SYS_init	0	static
egtn_app_sys.c:624:6:EGTN_APP_SYS_main	8	static
egtn_app_sys.c:750:6:EGTN_APP_SYS_process	8	static
